[2026-02-27 22:09:57] 🚀 赛博朋克主题探索开始
[2026-02-27 22:09:57] 📅 日期: 2026-02-27
[2026-02-27 22:09:57] 🎯 主题索引: 5
[2026-02-27 22:09:57] 🎨 主题类别: dark-aesthetics neon-lights urban-decay rain-soaked-night
[2026-02-27 22:09:57] 🌐 开始搜索...
[2026-02-27 22:11:12] 🚀 赛博朋克主题探索开始
[2026-02-27 22:11:12] 📅 日期: 2026-02-27
[2026-02-27 22:11:12] 🎯 主题索引: 5
[2026-02-27 22:11:12] 🎨 主题类别: dark-aesthetics neon-lights urban-decay rain-soaked-night
[2026-02-27 22:11:12] 🌐 开始搜索...
[2026-02-27 22:11:13] ✅ 搜索完成
[2026-02-27 22:11:13] 
[2026-02-27 22:11:13] 📊 搜索结果：
🔍 搜索: dark-aesthetics neon-lights urban-decay rain-soaked-night
找到 5 条结果:

============================================================


1. Urban Night Rain Aesthetics Images Collection
   URL: https://stockcake.com/c/urban-night-rain-aesthetics_32444
   描述: A vibrant urban nightscape, illuminated by neon signs and their reflections on the wet city streets. A solitary figure sits contemplatively in the reflective glow of a rain-soaked urban night scene.


2. A Beginner's Guide To Film Noir | History & Characteristics
   URL: https://cinemawavesblog.com/movements/film-noir/
   描述: This chiaroscuro effect, combined ... of mystery and tension. Urban settings, often depicted at night with rain-soaked streets and neon lights, are common backdrops, adding to the atmospheric mood....


3. Nighttime Urban Street Scene Bright Neon Signs Lights Reflecting Stock Photos - Free & Royalty-Free Stock Photos from Dreamstime
   URL: https://www.dreamstime.com/photos-images/nighttime-urban-street-scene-bright-neon-signs-lights-reflecting.html
   描述: The setting is damp and rain-soaked, reflecting neon lights from aged shop signs. Puddles on the ground mirror the bright neon blues and reds, contrasting sharply with the dark, decrepit buildings and...


4. A Bleak Neon Noir City: The Hypnotic Aesthetic and Its Influence on DangerGirlx - DangerGirlx
   URL: https://dangergirlx.com/neon-noir-the-aesthetic-and-its-influence/
   描述: Directors such as Michael Mann with Thief and Heat also contributed to the genre’s aesthetic, using neon to highlight the interplay of darkness and artificial light in urban settings. More recently, f...


5. Neon Noir | Aesthetics Wiki | Fandom
   URL: https://aesthetics.fandom.com/wiki/Neon_Noir
   描述: Neon Noir combines the dark and mysterious elements of Noir films with a vibrant and futuristic aesthetic akin to neon lights. It has a strong focus on dark scenery that is contrasted by the the vivid...

[2026-02-27 22:11:13] 
[2026-02-27 22:11:13] 📊 共找到 0 个作品
[2026-02-27 22:11:13] ⚠️️ 没有可分析的作品
[2026-02-27 22:11:13] 📝 退出脚本
[2026-02-27 22:12:53] 🚀 赛博朋克主题探索开始
[2026-02-27 22:12:53] 📅 日期: 2026-02-27
[2026-02-27 22:12:53] 🎯 主题索引: 5
[2026-02-27 22:12:53] 🎨 主题类别: neon-lights urban-decay rain-soaked-night dark-aesthetics
[2026-02-27 22:12:53] 🌐 开始搜索...
[2026-02-27 22:12:55] ✅ 搜索完成
[2026-02-27 22:12:55] 
[2026-02-27 22:12:55] 📊 搜索结果：

[2026-02-27 22:12:55]   📖 作品: Urban Night Rain Aesthetics Images Collection
[2026-02-27 22:12:55]      URL: https://stockcake.com/c/urban-night-rain-aesthetics_32444
[2026-02-27 22:12:55]   📖 作品: Nighttime Urban Street Scene Bright Neon Signs Lights Reflecting Stock Photos - Free & Royalty-Free 
[2026-02-27 22:12:55]      URL: https://www.dreamstime.com/photos-images/nighttime-urban-street-scene-bright-neon-signs-lights-reflecting.html
[2026-02-27 22:12:55]   📖 作品: 116 Neon Noir Urban Street Art Stock Photos - Free & Royalty-Free Stock Photos from Dreamstime
[2026-02-27 22:12:55]      URL: https://www.dreamstime.com/photos-images/neon-noir-urban-street-art.html
[2026-02-27 22:12:55]   📖 作品: A Beginner's Guide To Film Noir | History & Characteristics
[2026-02-27 22:12:55]      URL: https://cinemawavesblog.com/movements/film-noir/
[2026-02-27 22:12:55]   📖 作品: Neon Noir | Aesthetics Wiki | Fandom
[2026-02-27 22:12:55]      URL: https://aesthetics.fandom.com/wiki/Neon_Noir
[2026-02-27 22:12:55] 
[2026-02-27 22:12:55] 📊 共找到 5 个作品
[2026-02-27 22:12:55] 📋 计划创建 2 个 Agent
[2026-02-27 22:12:55] 
[2026-02-27 22:12:55] ⚠️️ 无可用的作品
[2026-02-27 22:12:55] ⚠️️ 无可用的作品
[2026-02-27 22:12:55] ✅ 所有 Agent 创建完成
[2026-02-27 22:12:55] 总计: 0 个 Agent
[2026-02-27 22:12:55] ✅ 每日探索文档已创建: /root/.openclaw/workspace/memory/cyberpunk-exploration-2026-02-27.md
[2026-02-27 22:12:55] 📊 探索日志: /root/.openclaw/workspace/memory/cyberpunk-exploration.log
[2026-02-27 22:14:38] 🚀 赛博朋克主题探索开始
[2026-02-27 22:14:38] 📅 日期: 2026-02-27
[2026-02-27 22:14:38] 🎯 主题索引: 5
[2026-02-27 22:14:38] 🎨 主题类别: neon-lights urban-decay rain-soaked-night dark-aesthetics
[2026-02-27 22:14:38] 🌐 开始搜索...
[2026-02-27 22:14:39] ✅ 搜索完成
[2026-02-27 22:14:39] 
[2026-02-27 22:14:39] 📊 搜索结果：
🔍 搜索: neon-lights urban-decay rain-soaked-night dark-aesthetics
找到 5 条结果:

============================================================


1. Urban Night Rain Aesthetics Images Collection
   URL: https://stockcake.com/c/urban-night-rain-aesthetics_32444
   描述: A vibrant urban nightscape, illuminated by neon signs and their reflections on the wet city streets. A solitary figure sits contemplatively in the reflective glow of a rain-soaked urban night scene.


2. Nighttime Urban Street Scene Bright Neon Signs Lights Reflecting Stock Photos - Free & Royalty-Free Stock Photos from Dreamstime
   URL: https://www.dreamstime.com/photos-images/nighttime-urban-street-scene-bright-neon-signs-lights-reflecting.html
   描述: The setting is damp and rain-soaked, reflecting neon lights from aged shop signs. Puddles on the ground mirror the bright neon blues and reds, contrasting sharply with the dark, decrepit buildings and...


3. 116 Neon Noir Urban Street Art Stock Photos - Free & Royalty-Free Stock Photos from Dreamstime
   URL: https://www.dreamstime.com/photos-images/neon-noir-urban-street-art.html
   描述: This retro-futuristic or cyberpunk scene evokes a sense of mystery and urban decay, with the glowing neon reflecting dramatically on the wet surface. Ideal for backgrounds, album art, gaming themes, o...


4. A Beginner's Guide To Film Noir | History & Characteristics
   URL: https://cinemawavesblog.com/movements/film-noir/
   描述: This chiaroscuro effect, combined ... often depicted at night with rain-soaked streets and neon lights, are common backdrops, adding to the atmospheric mood....


5. Neon Noir | Aesthetics Wiki | Fandom
   URL: https://aesthetics.fandom.com/wiki/Neon_Noir
   描述: Neon Noir combines the dark and mysterious elements of Noir films with a vibrant and futuristic aesthetic akin to neon lights. It has a strong focus on dark scenery that is contrasted by the the vivid...

[2026-02-27 22:14:39]   📖 作品: Urban Night Rain Aesthetics Images Collection
[2026-02-27 22:14:39]      URL: https://stockcake.com/c/urban-night-rain-aesthetics_32444
[2026-02-27 22:14:39]   📖 作品: Nighttime Urban Street Scene Bright Neon Signs Lights Reflecting Stock Photos - Free & Royalty-Free 
[2026-02-27 22:14:39]      URL: https://www.dreamstime.com/photos-images/nighttime-urban-street-scene-bright-neon-signs-lights-reflecting.html
[2026-02-27 22:14:39]   📖 作品: 116 Neon Noir Urban Street Art Stock Photos - Free & Royalty-Free Stock Photos from Dreamstime
[2026-02-27 22:14:39]      URL: https://www.dreamstime.com/photos-images/neon-noir-urban-street-art.html
[2026-02-27 22:14:39]   📖 作品: A Beginner's Guide To Film Noir | History & Characteristics
[2026-02-27 22:14:39]      URL: https://cinemawavesblog.com/movements/film-noir/
[2026-02-27 22:14:39]   📖 作品: Neon Noir | Aesthetics Wiki | Fandom
[2026-02-27 22:14:39]      URL: https://aesthetics.fandom.com/wiki/Neon_Noir
[2026-02-27 22:14:39] 
[2026-02-27 22:14:39] 📊 共找到 5 个作品
[2026-02-27 22:14:39] 📋 计划创建 2 个 Agent
[2026-02-27 22:14:39] 
[2026-02-27 22:14:39] ⚠️️ 无可用的作品
[2026-02-27 22:14:39] ⚠️️ 无可用的作品
[2026-02-27 22:14:39] ✅ 所有 Agent 创建完成
[2026-02-27 22:14:39] 总计: 0 个 Agent
[2026-02-27 22:14:39] ✅ 每日探索文档已创建: /root/.openclaw/workspace/memory/cyberpunk-exploration-2026-02-27.md
[2026-02-27 22:14:39] 📊 探索日志: /root/.openclaw/workspace/memory/cyberpunk-exploration.log
[2026-02-27 22:19:17] 🚀 赛博朋克主题探索开始
[2026-02-27 22:19:17] 📅 日期: 2026-02-27
[2026-02-27 22:19:17] 🎯 主题索引: 5
[2026-02-27 22:19:17] 🎨 主题类别: neon-lights urban-decay rain-soaked-night dark-aesthetics
[2026-02-27 22:19:17] 🌐 开始搜索...
[2026-02-27 22:19:17] ✅ 搜索完成
[2026-02-27 22:19:17] 
[2026-02-27 22:19:17] 📊 搜索结果：
🔍 搜索: neon-lights urban-decay rain-soaked-night dark-aesthetics
找到 5 条结果:

============================================================


1. Urban Night Rain Aesthetics Images Collection
   URL: https://stockcake.com/c/urban-night-rain-aesthetics_32444
   描述: A vibrant urban nightscape, illuminated by neon signs and their reflections on the wet city streets. A solitary figure sits contemplatively in the reflective glow of a rain-soaked urban night scene.


2. Nighttime Urban Street Scene Bright Neon Signs Lights Reflecting Stock Photos - Free & Royalty-Free Stock Photos from Dreamstime
   URL: https://www.dreamstime.com/photos-images/nighttime-urban-street-scene-bright-neon-signs-lights-reflecting.html
   描述: The setting is damp and rain-soaked, reflecting neon lights from aged shop signs. Puddles on the ground mirror the bright neon blues and reds, contrasting sharply with the dark, decrepit buildings and...


3. 116 Neon Noir Urban Street Art Stock Photos - Free & Royalty-Free Stock Photos from Dreamstime
   URL: https://www.dreamstime.com/photos-images/neon-noir-urban-street-art.html
   描述: This retro-futuristic or cyberpunk scene evokes a sense of mystery and urban decay, with the glowing neon reflecting dramatically on the wet surface. Ideal for backgrounds, album art, gaming themes, o...


4. A Beginner's Guide To Film Noir | History & Characteristics
   URL: https://cinemawavesblog.com/movements/film-noir/
   描述: This chiaroscuro effect, combined ... often depicted at night with rain-soaked streets and neon lights, are common backdrops, adding to the atmospheric mood....


5. Neon Noir | Aesthetics Wiki | Fandom
   URL: https://aesthetics.fandom.com/wiki/Neon_Noir
   描述: Neon Noir combines the dark and mysterious elements of Noir films with a vibrant and futuristic aesthetic akin to neon lights. It has a strong focus on dark scenery that is contrasted by the the vivid...

[2026-02-27 22:19:17]   📖 作品: Urban Night Rain Aesthetics Images Collection
[2026-02-27 22:19:17]      URL: https://stockcake.com/c/urban-night-rain-aesthetics_32444
[2026-02-27 22:19:18]   📖 作品: Nighttime Urban Street Scene Bright Neon Signs Lights Reflecting Stock Photos - Free & Royalty-Free 
[2026-02-27 22:19:18]      URL: https://www.dreamstime.com/photos-images/nighttime-urban-street-scene-bright-neon-signs-lights-reflecting.html
[2026-02-27 22:19:18]   📖 作品: 116 Neon Noir Urban Street Art Stock Photos - Free & Royalty-Free Stock Photos from Dreamstime
[2026-02-27 22:19:18]      URL: https://www.dreamstime.com/photos-images/neon-noir-urban-street-art.html
[2026-02-27 22:19:18]   📖 作品: A Beginner's Guide To Film Noir | History & Characteristics
[2026-02-27 22:19:18]      URL: https://cinemawavesblog.com/movements/film-noir/
[2026-02-27 22:19:18]   📖 作品: Neon Noir | Aesthetics Wiki | Fandom
[2026-02-27 22:19:18]      URL: https://aesthetics.fandom.com/wiki/Neon_Noir
[2026-02-27 22:19:18] 
[2026-02-27 22:19:18] 📊 共找到 5 个作品
[2026-02-27 22:19:18] 📋 计划创建 2 个 Agent
[2026-02-27 22:19:18] 
[2026-02-27 22:19:18] ⚠️️ 无可用的作品
[2026-02-27 22:19:18] ⚠️️ 无可用的作品
[2026-02-27 22:19:18] ✅ 所有 Agent 创建完成
[2026-02-27 22:19:18] 总计: 0 个 Agent
[2026-02-27 22:19:18] ✅ 每日探索文档已创建: /root/.openclaw/workspace/memory/cyberpunk-exploration-2026-02-27.md
[2026-02-27 22:19:18] 📊 探索日志: /root/.openclaw/workspace/memory/cyberpunk-exploration.log
[2026-02-27 22:22:56] 🚀 赛博朋克主题探索开始
[2026-02-27 22:22:56] 📅 日期: 2026-02-27
[2026-02-27 22:22:56] 🎯 主题索引: 5
[2026-02-27 22:22:56] 🎨 主题类别: neon-lights urban-decay rain-soaked-night dark-aesthetics
[2026-02-27 22:22:56] 🌐 开始搜索...
[2026-02-27 22:22:57] ✅ 搜索完成
[2026-02-27 22:22:57] 
[2026-02-27 22:22:57] 📊 搜索结果：
🔍 搜索: neon-lights urban-decay rain-soaked-night dark-aesthetics
找到 5 条结果:

============================================================


1. Urban Night Rain Aesthetics Images Collection
   URL: https://stockcake.com/c/urban-night-rain-aesthetics_32444
   描述: A vibrant urban nightscape, illuminated by neon signs and their reflections on the wet city streets. A solitary figure sits contemplatively in the reflective glow of a rain-soaked urban night scene.


2. Nighttime Urban Street Scene Bright Neon Signs Lights Reflecting Stock Photos - Free & Royalty-Free Stock Photos from Dreamstime
   URL: https://www.dreamstime.com/photos-images/nighttime-urban-street-scene-bright-neon-signs-lights-reflecting.html
   描述: The setting is damp and rain-soaked, reflecting neon lights from aged shop signs. Puddles on the ground mirror the bright neon blues and reds, contrasting sharply with the dark, decrepit buildings and...


3. 116 Neon Noir Urban Street Art Stock Photos - Free & Royalty-Free Stock Photos from Dreamstime
   URL: https://www.dreamstime.com/photos-images/neon-noir-urban-street-art.html
   描述: This retro-futuristic or cyberpunk scene evokes a sense of mystery and urban decay, with the glowing neon reflecting dramatically on the wet surface. Ideal for backgrounds, album art, gaming themes, o...


4. A Beginner's Guide To Film Noir | History & Characteristics
   URL: https://cinemawavesblog.com/movements/film-noir/
   描述: This chiaroscuro effect, combined ... often depicted at night with rain-soaked streets and neon lights, are common backdrops, adding to the atmospheric mood....


5. Neon Noir | Aesthetics Wiki | Fandom
   URL: https://aesthetics.fandom.com/wiki/Neon_Noir
   描述: Neon Noir combines the dark and mysterious elements of Noir films with a vibrant and futuristic aesthetic akin to neon lights. It has a strong focus on dark scenery that is contrasted by the the vivid...

[2026-02-27 22:22:57]   📖 作品: Urban Night Rain Aesthetics Images Collection
[2026-02-27 22:22:57]      URL: https://stockcake.com/c/urban-night-rain-aesthetics_32444
[2026-02-27 22:22:57]   📖 作品: Nighttime Urban Street Scene Bright Neon Signs Lights Reflecting Stock Photos - Free & Royalty-Free 
[2026-02-27 22:22:57]      URL: https://www.dreamstime.com/photos-images/nighttime-urban-street-scene-bright-neon-signs-lights-reflecting.html
[2026-02-27 22:22:57]   📖 作品: 116 Neon Noir Urban Street Art Stock Photos - Free & Royalty-Free Stock Photos from Dreamstime
[2026-02-27 22:22:57]      URL: https://www.dreamstime.com/photos-images/neon-noir-urban-street-art.html
[2026-02-27 22:22:57]   📖 作品: A Beginner's Guide To Film Noir | History & Characteristics
[2026-02-27 22:22:57]      URL: https://cinemawavesblog.com/movements/film-noir/
[2026-02-27 22:22:57]   📖 作品: Neon Noir | Aesthetics Wiki | Fandom
[2026-02-27 22:22:57]      URL: https://aesthetics.fandom.com/wiki/Neon_Noir
[2026-02-27 22:22:57] 
[2026-02-27 22:22:57] 📊 共找到 5 个作品
[2026-02-27 22:22:57] 📋 计划创建 2 个 Agent
[2026-02-27 22:22:57] 
[2026-02-27 22:22:57] ⚠️️ 无可用的作品作品
[2026-02-27 22:22:57] ⚠️️ 无可用的作品作品
[2026-02-27 22:22:57] ✅ 所有 Agent 创建完成
[2026-02-27 22:22:57] 总计: 0 个 Agent
[2026-02-27 22:22:57] ✅ 每日探索文档已创建: /root/.openclaw/workspace/memory/cyberpunk-exploration-2026-02-27.md
[2026-02-27 22:22:57] 📊 探索日志: /root/.openclaw/workspace/memory/cyberpunk-exploration.log
[2026-02-27 22:24:55] 🚀 赛博朋克主题探索开始
[2026-02-27 22:24:55] 📅 日期: 2026-02-27
[2026-02-27 22:24:55] 🎯 主题索引: 5
[2026-02-27 22:24:55] 🎨 主题类别: neon-lights urban-decay rain-soaked-night dark-aesthetics
[2026-02-27 22:24:55] 🌐 开始搜索...
[2026-02-27 22:24:56] ✅ 搜索完成
[2026-02-27 22:24:56] 
[2026-02-27 22:24:56] 📊 搜索结果：
🔍 搜索: neon-lights urban-decay rain-soaked-night dark-aesthetics
找到 5 条结果:

============================================================


1. Urban Night Rain Aesthetics Images Collection
   URL: https://stockcake.com/c/urban-night-rain-aesthetics_32444
   描述: A vibrant urban nightscape, illuminated by neon signs and their reflections on the wet city streets. A solitary figure sits contemplatively in the reflective glow of a rain-soaked urban night scene.


2. Nighttime Urban Street Scene Bright Neon Signs Lights Reflecting Stock Photos - Free & Royalty-Free Stock Photos from Dreamstime
   URL: https://www.dreamstime.com/photos-images/nighttime-urban-street-scene-bright-neon-signs-lights-reflecting.html
   描述: The setting is damp and rain-soaked, reflecting neon lights from aged shop signs. Puddles on the ground mirror the bright neon blues and reds, contrasting sharply with the dark, decrepit buildings and...


3. 116 Neon Noir Urban Street Art Stock Photos - Free & Royalty-Free Stock Photos from Dreamstime
   URL: https://www.dreamstime.com/photos-images/neon-noir-urban-street-art.html
   描述: This retro-futuristic or cyberpunk scene evokes a sense of mystery and urban decay, with the glowing neon reflecting dramatically on the wet surface. Ideal for backgrounds, album art, gaming themes, o...


4. A Beginner's Guide To Film Noir | History & Characteristics
   URL: https://cinemawavesblog.com/movements/film-noir/
   描述: This chiaroscuro effect, combined ... often depicted at night with rain-soaked streets and neon lights, are common backdrops, adding to the atmospheric mood....


5. Neon Noir | Aesthetics Wiki | Fandom
   URL: https://aesthetics.fandom.com/wiki/Neon_Noir
   描述: Neon Noir combines the dark and mysterious elements of Noir films with a vibrant and futuristic aesthetic akin to neon lights. It has a strong focus on dark scenery that is contrasted by the the vivid...

[2026-02-27 22:24:56]   📖 作品: Urban Night Rain Aesthetics Images Collection
[2026-02-27 22:24:56]      URL: https://stockcake.com/c/urban-night-rain-aesthetics_32444
[2026-02-27 22:24:56]   📖 作品: Urban Night Rain Aesthetics Images Collection
[2026-02-27 22:24:56]      URL: https://www.dreamstime.com/photos-images/nighttime-urban-street-scene-bright-neon-signs-lights-reflecting.html
[2026-02-27 22:24:56]   📖 作品: Urban Night Rain Aesthetics Images Collection
[2026-02-27 22:24:56]      URL: https://www.dreamstime.com/photos-images/neon-noir-urban-street-art.html
[2026-02-27 22:24:56]   📖 作品: Urban Night Rain Aesthetics Images Collection
[2026-02-27 22:24:56]      URL: https://cinemawavesblog.com/movements/film-noir/
[2026-02-27 22:24:56]   📖 作品: Urban Night Rain Aesthetics Images Collection
[2026-02-27 22:24:56]      URL: https://aesthetics.fandom.com/wiki/Neon_Noir
[2026-02-27 22:24:56] 
[2026-02-27 22:24:56] 📊 共找到 5 个作品
[2026-02-27 22:25:29] 🚀 赛博朋克主题探索开始
[2026-02-27 22:25:29] 📅 日期: 2026-02-27
[2026-02-27 22:25:29] 🎨 主题类别: neon-lights urban-decay rain-soaked-night dark
[2026-02-27 22:25:29] 🌐 开始搜索...
🔍 搜索: neon-lights urban-decay rain-soaked-night dark
找到 5 条结果:

============================================================


1. Nighttime Urban Street Scene Bright Neon Signs Lights Reflecting Stock Photos - Free & Royalty-Free Stock Photos from Dreamstime
   URL: https://www.dreamstime.com/photos-images/nighttime-urban-street-scene-bright-neon-signs-lights-reflecting.html
   描述: The setting is damp and rain-soaked, reflecting neon lights from aged shop signs. Puddles on the ground mirror the bright neon blues and reds, contrasting sharply with the dark, decrepit buildings and...


2. Neon-lit futuristic cityscape at night with rain-soaked streets and reflections on Craiyon
   URL: https://www.craiyon.com/image/OByO3sEqRxSkLNMO1uRBYQ
   描述: A neon-lit futuristic cityscape at night, rain-soaked streets reflecting vibrant multi colored neon lights. Two figures stand side by side under an inner city skyline: a woman holding a glowing datapa...


3. 116 Neon Noir Urban Street Art Stock Photos - Free & Royalty-Free Stock Photos from Dreamstime
   URL: https://www.dreamstime.com/photos-images/neon-noir-urban-street-art.html
   描述: A captivating digital artwork depicting a gritty cyberpunk city street at night. Two figures stand in the foreground, gazing down the rain-slicked road lined with neon-lit buildings and vintage cars.


4. Neon Cyberpunk Night
   URL: https://stockcake.com/i/neon-cyberpunk-night_3267676_1507387
   描述: Futuristic cyberpunk scene features a lone figure dissolving into digital code beneath powder blue neon lights on rain-slicked urban streets with holographic displays. Towering skyscrapers glow with v...


5. Free Neon Alleyway Glow Image
   URL: https://stockcake.com/i/neon-alleyway-glow_207650_37794
   描述: A mysterious, neon-lit alleyway bathed in blue hues conveys an atmosphere of urban solitude. A glowing neon sign lights up a dark wet alleyway at night, casting colorful reflections on the rain-soaked...
[2026-02-27 22:26:07] 🚀 赛博朋克主题探索开始
[2026-02-27 22:26:07] 📅 日期: 2026-02-27
[2026-02-27 22:26:07] 🎨 主题: neon-lights urban-decay dark
[2026-02-27 22:26:07] 🌐 搜索...
🔍 搜索: neon-lights urban-decay dark
找到 5 条结果:

============================================================


1. A Bleak Neon Noir City: The Hypnotic Aesthetic and Its Influence on DangerGirlx - DangerGirlx
   URL: https://dangergirlx.com/neon-noir-the-aesthetic-and-its-influence/
   描述: Neon Noir builds on this, taking the familiar tropes of noir and adding neon-lit urban environments, high technology, and a sense of dystopian decay. The neon lights serve as both a literal and metaph...


2. TUTORIAL: Urban Decay Electric NEON Ombré Winged Liner - From Head To Toe
   URL: http://www.frmheadtotoe.com/2014/06/tutorial-urban-decay-electric-neon.html
   描述: TUTORIAL: Urban Decay Electric NEON Ombré Winged L...


3. Neon Nightmares: Exploring Neon's Dark Side in Horror
   URL: https://neonhub.com/blogs/news/neon-nightmares-exploring-neons-dark-side-in-horror
   描述: In horror, this urban isolation is a recurring theme. The flickering neon lights that illuminate desolate streets, abandoned buildings, and dark alleyways amplify the feeling of loneliness and vulnera...


4. Urban Decay Neon Moon Moondust Eyeshadow Review & Swatches
   URL: https://www.temptalia.com/product/urban-decay-moondust-eyeshadow/neon-moon/
   描述: Urban Decay Neon Moon is a moderately warm-toned, light beige with a sparkle finish. It is a limited edition eyeshadow that retails for $20.00 and contains 0.05 oz.


5. Cyberpunk Loft Apartment Neon Glow and Urban Decay Stock Illustration - Illustration of walls, view: 398864923
   URL: https://www.dreamstime.com/cyberpunk-loft-apartment-neon-glow-urban-decay-captivating-digital-rendering-scene-blends-futuristic-elements-image398864923
   描述: Intricate urban loft miniature model highlighting modern interior design with detailed furniture and decor elements across two · Room with fireplace cyberpunk concept stock illustration ... Brick wall...
[2026-02-27 22:26:09]   📖 URL 1: https://dangergirlx.com/neon-noir-the-aesthetic-and-its-influence/
[2026-02-27 22:26:09] 🤖 创建 Agent: cyberpunk-exploration-2026-02-27-1
[2026-02-27 22:26:09]   ✅ Agent 创建完成
[2026-02-27 22:26:09]   📖 URL 2: https://neonhub.com/blogs/news/neon-nightmares-exploring-neons-dark-side-in-horror
[2026-02-27 22:26:09] 🤖 创建 Agent: cyberpunk-exploration-2026-02-27-2
[2026-02-27 22:26:09]   ✅ Agent 创建完成
[2026-02-27 22:26:09]   📖 URL 3: https://www.temptalia.com/product/urban-decay-moondust-eyeshadow/neon-moon/
[2026-02-27 22:26:09]   📖 URL 4: https://www.dreamstime.com/cyberpunk-loft-apartment-neon-glow-urban-decay-captivating-digital-rendering-scene-blends-futuristic-elements-image398864923
