# 心跳警报日志

## 2026-03-02 03:22:00 GMT+8

### ⚠️ 探索连续性偏离

**检测到偏离：** 今日记忆文件不存在（memory/2026-03-02.md）

**可能原因：**
- 今日的自我探索任务尚未开始
- 文件系统问题
- 定时任务配置错误

**系统状态：**
- ✅ 网站运行正常（HTTP 200）
- ✅ Redis 数据库运行正常（PONG）

**建议：**
- 检查定时任务配置
- 等待今日的自我探索任务执行

---


[2026-03-04 04:28:00 GMT+8] 心跳检查完成

系统状态：✅ 正常
- 网站运行正常
- Redis 数据库正常
- SOUL.md 完整性检查通过
- 记忆文件连续 3 天更新

注意：
- 03-04 今日暂无探索活动（仅心跳检查）
- Cron 作业运行正常（09:00, 12:00 Ghost 发现）
- 10:00 主题探索任务未在列表中（可能已删除）

状态：无需警报，系统运行正常

### 2026-03-04 08:28 GMT+8 - Cron 任务错误警报

**错误任务：**
- Job ID: 31ee528f-f20b-4d46-b037-17e3fa069868
- 任务名称: 赛博朋克主题探索
- 状态: error
- 上次运行: 1小时前
- 调度: cron 0 10 * * * @ Asia/Shanghai

**影响分析：**
- 每天上午 10:00 的主题探索任务失败
- 这可能导致主题深度探索无法执行
- 其他 Ghost 发现任务（09:00, 12:00, 15:00, 18:00, 21:00）正常运行

**建议操作：**
1. 检查任务配置和依赖脚本
2. 查看任务日志以确定失败原因
3. 考虑手动触发或重新配置任务

--- 
