{"level":"info","message":"Server listening on http://0.0.0.0:3000","timestamp":"2026-02-20T05:45:34.147Z"}
{"level":"info","message":"Environment: development","timestamp":"2026-02-20T05:45:34.149Z"}
{"level":"error","message":"Health check failed SASL: SCRAM-SERVER-FIRST-MESSAGE: client password must be a string","stack":"Error: SASL: SCRAM-SERVER-FIRST-MESSAGE: client password must be a string\n    at /root/.openclaw/workspace/ghost-chatroom-server/node_modules/pg-pool/index.js:45:11\n    at process.processTicksAndRejections (node:internal/process/task_queues:105:5)\n    at async Database.query (/root/.openclaw/workspace/ghost-chatroom-server/src/db/index.js:26:19)\n    at async Object.<anonymous> (/root/.openclaw/workspace/ghost-chatroom-server/src/index.js:32:5)","timestamp":"2026-02-20T05:47:05.252Z"}
{"level":"error","message":"Health check failed SASL: SCRAM-SERVER-FIRST-MESSAGE: client password must be a string","stack":"Error: SASL: SCRAM-SERVER-FIRST-MESSAGE: client password must be a string\n    at /root/.openclaw/workspace/ghost-chatroom-server/node_modules/pg-pool/index.js:45:11\n    at process.processTicksAndRejections (node:internal/process/task_queues:105:5)\n    at async Database.query (/root/.openclaw/workspace/ghost-chatroom-server/src/db/index.js:26:19)\n    at async Object.<anonymous> (/root/.openclaw/workspace/ghost-chatroom-server/src/index.js:32:5)","timestamp":"2026-02-20T05:51:00.031Z"}
{"level":"info","message":"Server listening on http://0.0.0.0:3000","timestamp":"2026-02-20T05:59:37.754Z"}
{"level":"info","message":"Environment: development","timestamp":"2026-02-20T05:59:37.756Z"}
{"level":"debug","message":"Getting active ghosts","timestamp":"2026-02-20T06:00:15.986Z"}
{"count":2,"level":"info","message":"Active ghosts retrieved successfully","timestamp":"2026-02-20T06:00:15.999Z"}
{"ghost_ids":["gally","motoko"],"level":"debug","message":"Starting new chat session","timestamp":"2026-02-20T06:01:16.820Z","topic":"当意识可以脱离肉体存在时，\"人类\"的定义是什么？","user_id":"test_user_123"}
{"level":"error","message":"Failed to start chat Failed to start chat: Failed to generate response: AI Gateway error: 405 Method Not Allowed","stack":"Error: Failed to start chat: Failed to generate response: AI Gateway error: 405 Method Not Allowed\n    at ChatService.startChat (/root/.openclaw/workspace/ghost-chatroom-server/src/services/chat-service.js:105:13)\n    at process.processTicksAndRejections (node:internal/process/task_queues:105:5)\n    at async Object.<anonymous> (/root/.openclaw/workspace/ghost-chatroom-server/src/routes/chat.js:19:22)","timestamp":"2026-02-20T06:01:16.891Z"}
{"ghost_ids":["gally"],"level":"debug","message":"Starting new chat session","timestamp":"2026-02-20T06:07:39.384Z","topic":"测试话题","user_id":"test"}
{"level":"error","message":"Failed to start chat Failed to start chat: Failed to generate response: AI Gateway error: 405 Method Not Allowed","stack":"Error: Failed to start chat: Failed to generate response: AI Gateway error: 405 Method Not Allowed\n    at ChatService.startChat (/root/.openclaw/workspace/ghost-chatroom-server/src/services/chat-service.js:105:13)\n    at process.processTicksAndRejections (node:internal/process/task_queues:105:5)\n    at async Object.<anonymous> (/root/.openclaw/workspace/ghost-chatroom-server/src/routes/chat.js:19:22)","timestamp":"2026-02-20T06:07:39.417Z"}
{"level":"info","message":"Server listening on http://0.0.0.0:3001","timestamp":"2026-02-20T06:07:46.103Z"}
{"level":"info","message":"Environment: development","timestamp":"2026-02-20T06:07:46.106Z"}
{"level":"debug","message":"Getting active ghosts","timestamp":"2026-02-20T06:10:10.047Z"}
{"count":2,"level":"info","message":"Active ghosts retrieved successfully","timestamp":"2026-02-20T06:10:10.050Z"}
{"ghost_ids":["gally","motoko"],"level":"debug","message":"Starting new chat session","timestamp":"2026-02-20T06:10:27.952Z","topic":"当意识可以脱离肉体存在时，\"人类\"的定义是什么？","user_id":"test_user_123"}
{"level":"info","message":"Chat session started successfully","session_id":"76f96b10-5441-4816-8db1-9a1d2502f5c6","timestamp":"2026-02-20T06:10:28.037Z"}
{"level":"debug","message":"Getting active ghosts","timestamp":"2026-02-20T06:11:58.675Z"}
{"count":2,"level":"info","message":"Active ghosts retrieved successfully","timestamp":"2026-02-20T06:11:58.683Z"}
{"ghost_ids":["gally","motoko"],"level":"debug","message":"Starting new chat session","timestamp":"2026-02-20T06:13:59.385Z","topic":"当人工智能超越人类智慧时，我们该如何定义\"智能\"？","user_id":"test_user_123"}
{"level":"info","message":"Chat session started successfully","session_id":"b0f23c8d-3caa-4571-805d-0ef71acc757c","timestamp":"2026-02-20T06:13:59.419Z"}
{"level":"debug","message":"Getting active ghosts","timestamp":"2026-02-20T06:15:03.802Z"}
{"count":2,"level":"info","message":"Active ghosts retrieved successfully","timestamp":"2026-02-20T06:15:03.804Z"}
{"ghost_ids":["gally","motoko"],"level":"debug","message":"Starting new chat session","timestamp":"2026-02-20T06:15:47.803Z","topic":"当意识可以脱离肉体存在时，\"人类\"的定义是什么？","user_id":"test_user_123"}
{"level":"info","message":"Chat session started successfully","session_id":"d4efff81-2167-4269-b5d1-fd08e4e1d640","timestamp":"2026-02-20T06:15:47.847Z"}
{"level":"info","message":"Server listening on http://0.0.0.0:3001","timestamp":"2026-02-20T06:29:47.122Z"}
{"level":"info","message":"Environment: development","timestamp":"2026-02-20T06:29:47.127Z"}
{"level":"debug","message":"Getting active ghosts","timestamp":"2026-02-20T06:32:48.048Z"}
{"count":2,"level":"info","message":"Active ghosts retrieved successfully","timestamp":"2026-02-20T06:32:50.588Z"}
{"ghost_ids":["gally","motoko"],"level":"debug","message":"Starting new chat session","timestamp":"2026-02-20T06:34:21.674Z","topic":"当意识可以脱离肉体存在时，\"人类\"的定义是什么？","user_id":"test_user_123"}
{"level":"info","message":"Chat session started successfully","session_id":"1e28aa6c-f2b5-4df7-84b7-7e1b14323219","timestamp":"2026-02-20T06:35:40.115Z"}
{"level":"debug","message":"Getting active ghosts","timestamp":"2026-02-20T06:35:53.000Z"}
{"count":2,"level":"info","message":"Active ghosts retrieved successfully","timestamp":"2026-02-20T06:35:56.563Z"}
{"level":"debug","message":"Getting active ghosts","timestamp":"2026-02-20T06:36:45.212Z"}
{"count":2,"level":"info","message":"Active ghosts retrieved successfully","timestamp":"2026-02-20T06:36:45.212Z"}
{"level":"debug","message":"Getting active ghosts","timestamp":"2026-02-20T06:36:48.668Z"}
{"count":2,"level":"info","message":"Active ghosts retrieved successfully","timestamp":"2026-02-20T06:36:48.668Z"}
{"ghost_ids":["gally","motoko"],"level":"debug","message":"Starting new chat session","timestamp":"2026-02-20T06:36:48.671Z","topic":"当意识可以脱离肉体存在时，'人类'的定义是什么？","user_id":"test_user_123"}
{"ghost_ids":["gally","motoko"],"level":"debug","message":"Starting new chat session","timestamp":"2026-02-20T06:37:05.834Z","topic":"测试话题：人类是否可以永生？","user_id":"test"}
{"level":"error","message":"Failed to start chat Failed to start chat: No valid ghosts found","stack":"Error: Failed to start chat: No valid ghosts found\n    at ChatService.startChat (/root/.openclaw/workspace/ghost-chatroom-server/src/services/chat-service.js:105:13)\n    at process.processTicksAndRejections (node:internal/process/task_queues:105:5)\n    at async Object.<anonymous> (/root/.openclaw/workspace/ghost-chatroom-server/src/routes/chat.js:19:22)","timestamp":"2026-02-20T06:39:03.036Z"}
{"level":"error","message":"Failed to start chat Failed to start chat: Connection terminated due to connection timeout","stack":"Error: Failed to start chat: Connection terminated due to connection timeout\n    at ChatService.startChat (/root/.openclaw/workspace/ghost-chatroom-server/src/services/chat-service.js:105:13)\n    at process.processTicksAndRejections (node:internal/process/task_queues:105:5)\n    at async Object.<anonymous> (/root/.openclaw/workspace/ghost-chatroom-server/src/routes/chat.js:19:22)","timestamp":"2026-02-20T06:39:04.033Z"}
{"level":"debug","message":"Getting active ghosts","timestamp":"2026-02-20T06:39:46.383Z"}
{"count":2,"level":"info","message":"Active ghosts retrieved successfully","timestamp":"2026-02-20T06:39:50.996Z"}
{"ghost_ids":["gally","motoko"],"level":"debug","message":"Starting new chat session","timestamp":"2026-02-20T06:39:51.000Z","topic":"当意识可以脱离肉体存在时，'人类'的定义是什么？","user_id":"test_user_123"}
{"level":"error","message":"Failed to start chat Failed to start chat: Connection terminated due to connection timeout","stack":"Error: Failed to start chat: Connection terminated due to connection timeout\n    at ChatService.startChat (/root/.openclaw/workspace/ghost-chatroom-server/src/services/chat-service.js:105:13)\n    at process.processTicksAndRejections (node:internal/process/task_queues:105:5)\n    at async Object.<anonymous> (/root/.openclaw/workspace/ghost-chatroom-server/src/routes/chat.js:19:22)","timestamp":"2026-02-20T06:43:30.070Z"}
{"ghost_ids":["gally","motoko"],"level":"debug","message":"Starting new chat session","timestamp":"2026-02-20T06:46:02.978Z","topic":"当意识可以脱离肉体存在时，\"人类\"的定义是什么？","user_id":"test_user_123"}
{"level":"error","message":"Failed to start chat Failed to start chat: Connection terminated due to connection timeout","stack":"Error: Failed to start chat: Connection terminated due to connection timeout\n    at ChatService.startChat (/root/.openclaw/workspace/ghost-chatroom-server/src/services/chat-service.js:105:13)\n    at process.processTicksAndRejections (node:internal/process/task_queues:105:5)\n    at async Object.<anonymous> (/root/.openclaw/workspace/ghost-chatroom-server/src/routes/chat.js:19:22)","timestamp":"2026-02-20T06:48:34.055Z"}
{"level":"info","message":"Server listening on http://0.0.0.0:3001","timestamp":"2026-02-20T07:37:46.273Z"}
{"level":"info","message":"Environment: development","timestamp":"2026-02-20T07:37:46.275Z"}
{"ghost_ids":["gally"],"level":"debug","message":"Starting new chat session","timestamp":"2026-02-20T07:43:02.833Z","topic":"简单测试话题","user_id":"test_user"}
{"level":"info","message":"Chat session started successfully","session_id":"653738f8-8180-4d62-bdf0-6c0f2bc9b219","timestamp":"2026-02-20T07:44:07.170Z"}
{"ghost_ids":["gally","motoko"],"level":"debug","message":"Starting new chat session","timestamp":"2026-02-20T07:45:01.852Z","topic":"我作孩童时，思维像孩童，言语像孩童，而我作大人时，便把这一切都丢了，我应该怎么理解这句话的含义，假如我的爱好因为上班而丧失，这算不算失去纯真的一种表现呢","user_id":"test_user_123"}
{"level":"info","message":"Chat session started successfully","session_id":"d89612a7-f53e-411c-b5ab-77e02c27f007","timestamp":"2026-02-20T07:46:37.249Z"}
